Archive member included to satisfy reference by file (symbol)

c:/program files (x86)/atmel/studio/7.0/toolchain/avr8/avr8-gnu-toolchain/bin/../lib/gcc/avr/4.9.2/../../../../avr/lib/avr5\libm.a(addsf3.o)
                              main.o (__subsf3)
c:/program files (x86)/atmel/studio/7.0/toolchain/avr8/avr8-gnu-toolchain/bin/../lib/gcc/avr/4.9.2/../../../../avr/lib/avr5\libm.a(addsf3x.o)
                              c:/program files (x86)/atmel/studio/7.0/toolchain/avr8/avr8-gnu-toolchain/bin/../lib/gcc/avr/4.9.2/../../../../avr/lib/avr5\libm.a(addsf3.o) (__addsf3x)
c:/program files (x86)/atmel/studio/7.0/toolchain/avr8/avr8-gnu-toolchain/bin/../lib/gcc/avr/4.9.2/../../../../avr/lib/avr5\libm.a(divsf3.o)
                              main.o (__divsf3)
c:/program files (x86)/atmel/studio/7.0/toolchain/avr8/avr8-gnu-toolchain/bin/../lib/gcc/avr/4.9.2/../../../../avr/lib/avr5\libm.a(divsf3x.o)
                              c:/program files (x86)/atmel/studio/7.0/toolchain/avr8/avr8-gnu-toolchain/bin/../lib/gcc/avr/4.9.2/../../../../avr/lib/avr5\libm.a(divsf3.o) (__divsf3x)
c:/program files (x86)/atmel/studio/7.0/toolchain/avr8/avr8-gnu-toolchain/bin/../lib/gcc/avr/4.9.2/../../../../avr/lib/avr5\libm.a(floatsisf.o)
                              main.o (__floatunsisf)
c:/program files (x86)/atmel/studio/7.0/toolchain/avr8/avr8-gnu-toolchain/bin/../lib/gcc/avr/4.9.2/../../../../avr/lib/avr5\libm.a(fp_inf.o)
                              c:/program files (x86)/atmel/studio/7.0/toolchain/avr8/avr8-gnu-toolchain/bin/../lib/gcc/avr/4.9.2/../../../../avr/lib/avr5\libm.a(addsf3x.o) (__fp_inf)
c:/program files (x86)/atmel/studio/7.0/toolchain/avr8/avr8-gnu-toolchain/bin/../lib/gcc/avr/4.9.2/../../../../avr/lib/avr5\libm.a(fp_nan.o)
                              c:/program files (x86)/atmel/studio/7.0/toolchain/avr8/avr8-gnu-toolchain/bin/../lib/gcc/avr/4.9.2/../../../../avr/lib/avr5\libm.a(addsf3x.o) (__fp_nan)
c:/program files (x86)/atmel/studio/7.0/toolchain/avr8/avr8-gnu-toolchain/bin/../lib/gcc/avr/4.9.2/../../../../avr/lib/avr5\libm.a(fp_pscA.o)
                              c:/program files (x86)/atmel/studio/7.0/toolchain/avr8/avr8-gnu-toolchain/bin/../lib/gcc/avr/4.9.2/../../../../avr/lib/avr5\libm.a(addsf3x.o) (__fp_pscA)
c:/program files (x86)/atmel/studio/7.0/toolchain/avr8/avr8-gnu-toolchain/bin/../lib/gcc/avr/4.9.2/../../../../avr/lib/avr5\libm.a(fp_pscB.o)
                              c:/program files (x86)/atmel/studio/7.0/toolchain/avr8/avr8-gnu-toolchain/bin/../lib/gcc/avr/4.9.2/../../../../avr/lib/avr5\libm.a(addsf3x.o) (__fp_pscB)
c:/program files (x86)/atmel/studio/7.0/toolchain/avr8/avr8-gnu-toolchain/bin/../lib/gcc/avr/4.9.2/../../../../avr/lib/avr5\libm.a(fp_round.o)
                              c:/program files (x86)/atmel/studio/7.0/toolchain/avr8/avr8-gnu-toolchain/bin/../lib/gcc/avr/4.9.2/../../../../avr/lib/avr5\libm.a(addsf3.o) (__fp_round)
c:/program files (x86)/atmel/studio/7.0/toolchain/avr8/avr8-gnu-toolchain/bin/../lib/gcc/avr/4.9.2/../../../../avr/lib/avr5\libm.a(fp_split3.o)
                              c:/program files (x86)/atmel/studio/7.0/toolchain/avr8/avr8-gnu-toolchain/bin/../lib/gcc/avr/4.9.2/../../../../avr/lib/avr5\libm.a(addsf3x.o) (__fp_split3)
c:/program files (x86)/atmel/studio/7.0/toolchain/avr8/avr8-gnu-toolchain/bin/../lib/gcc/avr/4.9.2/../../../../avr/lib/avr5\libm.a(fp_zero.o)
                              c:/program files (x86)/atmel/studio/7.0/toolchain/avr8/avr8-gnu-toolchain/bin/../lib/gcc/avr/4.9.2/../../../../avr/lib/avr5\libm.a(addsf3x.o) (__fp_zero)
c:/program files (x86)/atmel/studio/7.0/toolchain/avr8/avr8-gnu-toolchain/bin/../lib/gcc/avr/4.9.2/../../../../avr/lib/avr5\libm.a(gesf2.o)
                              main.o (__gesf2)
c:/program files (x86)/atmel/studio/7.0/toolchain/avr8/avr8-gnu-toolchain/bin/../lib/gcc/avr/4.9.2/../../../../avr/lib/avr5\libm.a(mulsf3.o)
                              main.o (__mulsf3)
c:/program files (x86)/atmel/studio/7.0/toolchain/avr8/avr8-gnu-toolchain/bin/../lib/gcc/avr/4.9.2/../../../../avr/lib/avr5\libm.a(mulsf3x.o)
                              c:/program files (x86)/atmel/studio/7.0/toolchain/avr8/avr8-gnu-toolchain/bin/../lib/gcc/avr/4.9.2/../../../../avr/lib/avr5\libm.a(mulsf3.o) (__mulsf3x)
c:/program files (x86)/atmel/studio/7.0/toolchain/avr8/avr8-gnu-toolchain/bin/../lib/gcc/avr/4.9.2/../../../../avr/lib/avr5\libm.a(fp_cmp.o)
                              c:/program files (x86)/atmel/studio/7.0/toolchain/avr8/avr8-gnu-toolchain/bin/../lib/gcc/avr/4.9.2/../../../../avr/lib/avr5\libm.a(gesf2.o) (__fp_cmp)
D:\Google Drive\Soilless\Engenharia\Projeto A1\Hardware\Arduino CE v1.0\Atmel Studio\arduino_ec\arduino_ec\ArduinoCore\Debug\libArduinoCore.a(HardwareSerial.o)
                              main.o (_ZN14HardwareSerial5beginEmh)
D:\Google Drive\Soilless\Engenharia\Projeto A1\Hardware\Arduino CE v1.0\Atmel Studio\arduino_ec\arduino_ec\ArduinoCore\Debug\libArduinoCore.a(HardwareSerial0.o)
[...]
Memory Configuration

Name             Origin             Length             Attributes
text             0x00000000         0x00020000         xr
data             0x00800060         0x0000ffa0         rw !x
eeprom           0x00810000         0x00010000         rw !x
fuse             0x00820000         0x00000003         rw !x
lock             0x00830000         0x00000400         rw !x
signature        0x00840000         0x00000400         rw !x
user_signatures  0x00850000         0x00000400         rw !x
*default*        0x00000000         0xffffffff

Linker script and memory map

Address of section .data set to 0x800100
LOAD C:/Program Files (x86)/Atmel/Studio/7.0/Packs/atmel/ATmega_DFP/1.1.130/gcc/dev/atmega328p/avr5/crtatmega328p.o
LOAD LiquidCrystal.o
LOAD main.o
LOAD OneWire.o
START GROUP
LOAD c:/program files (x86)/atmel/studio/7.0/toolchain/avr8/avr8-gnu-toolchain/bin/../lib/gcc/avr/4.9.2/../../../../avr/lib/avr5\libm.a
LOAD D:\Google Drive\Soilless\Engenharia\Projeto A1\Hardware\Arduino CE v1.0\Atmel Studio\arduino_ec\arduino_ec\ArduinoCore\Debug\libArduinoCore.a
END GROUP
LOAD c:/program files (x86)/atmel/studio/7.0/toolchain/avr8/avr8-gnu-toolchain/bin/../lib/gcc/avr/4.9.2/avr5\libgcc.a
LOAD c:/program files (x86)/atmel/studio/7.0/toolchain/avr8/avr8-gnu-toolchain/bin/../lib/gcc/avr/4.9.2/../../../../avr/lib/avr5\libm.a
START GROUP
LOAD c:/program files (x86)/atmel/studio/7.0/toolchain/avr8/avr8-gnu-toolchain/bin/../lib/gcc/avr/4.9.2/avr5\libgcc.a
LOAD c:/program files (x86)/atmel/studio/7.0/toolchain/avr8/avr8-gnu-toolchain/bin/../lib/gcc/avr/4.9.2/../../../../avr/lib/avr5\libm.a
LOAD c:/program files (x86)/atmel/studio/7.0/toolchain/avr8/avr8-gnu-toolchain/bin/../lib/gcc/avr/4.9.2/../../../../avr/lib/avr5\libc.a
LOAD C:/Program Files (x86)/Atmel/Studio/7.0/Packs/atmel/ATmega_DFP/1.1.130/gcc/dev/atmega328p/avr5\libatmega328p.a
END GROUP
                0x00020000                __TEXT_REGION_LENGTH__ = DEFINED (__TEXT_REGION_LENGTH__)?__TEXT_REGION_LENGTH__:0x20000
                0x0000ffa0                __DATA_REGION_LENGTH__ = DEFINED (__DATA_REGION_LENGTH__)?__DATA_REGION_LENGTH__:0xffa0
                0x00010000                __EEPROM_REGION_LENGTH__ = DEFINED (__EEPROM_REGION_LENGTH__)?__EEPROM_REGION_LENGTH__:0x10000
                [0x00000003]                __FUSE_REGION_LENGTH__ = DEFINED (__FUSE_REGION_LENGTH__)?__FUSE_REGION_LENGTH__:0x400
                0x00000400                __LOCK_REGION_LENGTH__ = DEFINED (__LOCK_REGION_LENGTH__)?__LOCK_REGION_LENGTH__:0x400
                0x00000400                __SIGNATURE_REGION_LENGTH__ = DEFINED (__SIGNATURE_REGION_LENGTH__)?__SIGNATURE_REGION_LENGTH__:0x400
                0x00000400                __USER_SIGNATURE_REGION_LENGTH__ = DEFINED (__USER_SIGNATURE_REGION_LENGTH__)?__USER_SIGNATURE_REGION_LENGTH__:0x400

.hash
 *(.hash)

.dynsym
 *(.dynsym)

.dynstr
 *(.dynstr)

.gnu.version
 *(.gnu.version)

.gnu.version_d
 *(.gnu.version_d)

.gnu.version_r
 *(.gnu.version_r)

.rel.init
 *(.rel.init)

.rela.init
 *(.rela.init)

.rel.text
 *(.rel.text)
 *(.rel.text.*)
 *(.rel.gnu.linkonce.t*)

.rela.text
 *(.rela.text)
 *(.rela.text.*)
 *(.rela.gnu.linkonce.t*)

.rel.fini
 *(.rel.fini)

.rela.fini
 *(.rela.fini)

.rel.rodata
 *(.rel.rodata)
 *(.rel.rodata.*)
 *(.rel.gnu.linkonce.r*)

.rela.rodata
 *(.rela.rodata)
 *(.rela.rodata.*)
 *(.rela.gnu.linkonce.r*)

.rel.data
 *(.rel.data)
 *(.rel.data.*)
 *(.rel.gnu.linkonce.d*)

.rela.data
 *(.rela.data)
 *(.rela.data.*)
 *(.rela.gnu.linkonce.d*)

.rel.ctors
 *(.rel.ctors)

.rela.ctors
 *(.rela.ctors)

.rel.dtors
 *(.rel.dtors)

.rela.dtors
 *(.rela.dtors)

.rel.got
 *(.rel.got)

.rela.got
 *(.rela.got)

.rel.bss
 *(.rel.bss)

.rela.bss
 *(.rela.bss)

.rel.plt
 *(.rel.plt)

.rela.plt
 *(.rela.plt)

.text           0x00000000     0x1c5a
 *(.vectors)
 .vectors       0x00000000       0x68 C:/Program Files (x86)/Atmel/Studio/7.0/Packs/atmel/ATmega_DFP/1.1.130/gcc/dev/atmega328p/avr5/crtatmega328p.o
                0x00000000                __vector_default
                0x00000000                __vectors
 *(.vectors)
 *(.progmem.gcc*)
                0x00000068                . = ALIGN (0x2)
                0x00000068                __trampolines_start = .
 *(.trampolines)
 .trampolines   0x00000068        0x0 linker stubs
 *(.trampolines*)
                0x00000068                __trampolines_end = .
 *libprintf_flt.a:*(.progmem.data)
 *libc.a:*(.progmem.data)
 *(.progmem*)
 .progmem.data.digital_pin_to_timer_PGM
                0x00000068       0x14 D:\Google Drive\Soilless\Engenharia\Projeto A1\Hardware\Arduino CE v1.0\Atmel Studio\arduino_ec\arduino_ec\ArduinoCore\Debug\libArduinoCore.a(wiring_digital.o)
                0x00000068                digital_pin_to_timer_PGM
 .progmem.data.digital_pin_to_bit_mask_PGM
                0x0000007c       0x14 D:\Google Drive\Soilless\Engenharia\Projeto A1\Hardware\Arduino CE v1.0\Atmel Studio\arduino_ec\arduino_ec\ArduinoCore\Debug\libArduinoCore.a(wiring_digital.o)
                0x0000007c                digital_pin_to_bit_mask_PGM
 .progmem.data.digital_pin_to_port_PGM
                0x00000090       0x14 D:\Google Drive\Soilless\Engenharia\Projeto A1\Hardware\Arduino CE v1.0\Atmel Studio\arduino_ec\arduino_ec\ArduinoCore\Debug\libArduinoCore.a(wiring_digital.o)
                0x00000090                digital_pin_to_port_PGM
 .progmem.data.port_to_input_PGM
                0x000000a4        0xa D:\Google Drive\Soilless\Engenharia\Projeto A1\Hardware\Arduino CE v1.0\Atmel Studio\arduino_ec\arduino_ec\ArduinoCore\Debug\libArduinoCore.a(wiring_digital.o)
                0x000000a4                port_to_input_PGM
 .progmem.data.port_to_output_PGM
                0x000000ae        0xa D:\Google Drive\Soilless\Engenharia\Projeto A1\Hardware\Arduino CE v1.0\Atmel Studio\arduino_ec\arduino_ec\ArduinoCore\Debug\libArduinoCore.a(wiring_digital.o)
                0x000000ae                port_to_output_PGM
 .progmem.data.port_to_mode_PGM
                0x000000b8        0xa D:\Google Drive\Soilless\Engenharia\Projeto A1\Hardware\Arduino CE v1.0\Atmel Studio\arduino_ec\arduino_ec\ArduinoCore\Debug\libArduinoCore.a(wiring_digital.o)
                0x000000b8                port_to_mode_PGM
                0x000000c2                . = ALIGN (0x2)
 *(.jumptables)
 *(.jumptables*)
 *(.lowtext)
 *(.lowtext*)
                0x000000c2                __ctors_start = .
 *(.ctors)
 .ctors         0x000000c2        0x2 main.o
 .ctors         0x000000c4        0x2 D:\Google Drive\Soilless\Engenharia\Projeto A1\Hardware\Arduino CE v1.0\Atmel Studio\arduino_ec\arduino_ec\ArduinoCore\Debug\libArduinoCore.a(HardwareSerial0.o)
                0x000000c6                __ctors_end = .
                0x000000c6                __dtors_start = .
 *(.dtors)
                0x000000c6                __dtors_end = .
 SORT(*)(.ctors)
 SORT(*)(.dtors)
 *(.init0)
 .init0         0x000000c6        0x0 C:/Program Files (x86)/Atmel/Studio/7.0/Packs/atmel/ATmega_DFP/1.1.130/gcc/dev/atmega328p/avr5/crtatmega328p.o
                0x000000c6                __init
 *(.init0)
 *(.init1)
 *(.init1)
 *(.init2)
 .init2         0x000000c6        0xc C:/Program Files (x86)/Atmel/Studio/7.0/Packs/atmel/ATmega_DFP/1.1.130/gcc/dev/atmega328p/avr5/crtatmega328p.o
 *(.init2)
 *(.init3)
 *(.init3)
 *(.init4)
 .init4         0x000000d2       0x16 c:/program files (x86)/atmel/studio/7.0/toolchain/avr8/avr8-gnu-toolchain/bin/../lib/gcc/avr/4.9.2/avr5\libgcc.a(_copy_data.o)
                0x000000d2                __do_copy_data
 .init4         0x000000e8       0x10 c:/program files (x86)/atmel/studio/7.0/toolchain/avr8/avr8-gnu-toolchain/bin/../lib/gcc/avr/4.9.2/avr5\libgcc.a(_clear_bss.o)
                0x000000e8                __do_clear_bss
 *(.init4)
 *(.init5)
 *(.init5)
 *(.init6)
 .init6         0x000000f8       0x16 c:/program files (x86)/atmel/studio/7.0/toolchain/avr8/avr8-gnu-toolchain/bin/../lib/gcc/avr/4.9.2/avr5\libgcc.a(_ctors.o)
                0x000000f8                __do_global_ctors
 *(.init6)
 *(.init7)
 *(.init7)
 *(.init8)
 *(.init8)
 *(.init9)
 .init9         0x0000010e        0x8 C:/Program Files (x86)/Atmel/Studio/7.0/Packs/atmel/ATmega_DFP/1.1.130/gcc/dev/atmega328p/avr5/crtatmega328p.o
 *(.init9)
 *(.text)
 .text          0x00000116        0x4 C:/Program Files (x86)/Atmel/Studio/7.0/Packs/atmel/ATmega_DFP/1.1.130/gcc/dev/atmega328p/avr5/crtatmega328p.o
                0x00000116                __vector_22
                0x00000116                __vector_1
                0x00000116                __vector_24
                0x00000116                __vector_12
                0x00000116                __bad_interrupt
                0x00000116                __vector_6
                0x00000116                __vector_3
                0x00000116                __vector_23
                0x00000116                __vector_25
                0x00000116                __vector_11
                0x00000116                __vector_13
                0x00000116                __vector_17
                0x00000116                __vector_7
                0x00000116                __vector_5
                0x00000116                __vector_4
                0x00000116                __vector_9
                0x00000116                __vector_2
                0x00000116                __vector_21
                0x00000116                __vector_15
                0x00000116                __vector_8
                0x00000116                __vector_14
                0x00000116                __vector_10
                0x00000116                __vector_20
                0x0000011a                . = ALIGN (0x2)
 *(.text.*)
 .text._ZN13LiquidCrystal11pulseEnableEv
                0x0000011a       0x3a LiquidCrystal.o
                0x0000011a                _ZN13LiquidCrystal11pulseEnableEv
 .text._ZN13LiquidCrystal10write4bitsEh
                0x00000154       0x5a LiquidCrystal.o
                0x00000154                _ZN13LiquidCrystal10write4bitsEh
 .text._ZN13LiquidCrystal10write8bitsEh
                0x000001ae       0x5a LiquidCrystal.o
                0x000001ae                _ZN13LiquidCrystal10write8bitsEh
 .text._ZN13LiquidCrystal4sendEhh
                0x00000208       0x52 LiquidCrystal.o
                0x00000208                _ZN13LiquidCrystal4sendEhh
 .text._ZN13LiquidCrystal7commandEh
                0x0000025a        0x6 LiquidCrystal.o
                0x0000025a                _ZN13LiquidCrystal7commandEh
 .text._ZN13LiquidCrystal5clearEv
                0x00000260        0xe LiquidCrystal.o
                0x00000260                _ZN13LiquidCrystal5clearEv
 .text._ZN13LiquidCrystal9setCursorEhh
                0x0000026e       0x26 LiquidCrystal.o
                0x0000026e                _ZN13LiquidCrystal9setCursorEhh
 .text._ZN13LiquidCrystal7displayEv
                0x00000294       0x10 LiquidCrystal.o
                0x00000294                _ZN13LiquidCrystal7displayEv
 .text._ZN13LiquidCrystal5beginEhhh
                0x000002a4      0x14a LiquidCrystal.o
                0x000002a4                _ZN13LiquidCrystal5beginEhhh
 .text._ZN13LiquidCrystalC2Ehhhhhh
                0x000003ee       0x40 LiquidCrystal.o
                0x000003ee                _ZN13LiquidCrystalC1Ehhhhhh
                0x000003ee                _ZN13LiquidCrystalC2Ehhhhhh
 .text._ZN13LiquidCrystal10createCharEhPh
                0x0000042e       0x70 LiquidCrystal.o
                0x0000042e                _ZN13LiquidCrystal10createCharEhPh
 .text._ZN13LiquidCrystal5writeEh
                0x0000049e        0xc LiquidCrystal.o
                0x0000049e                _ZN13LiquidCrystal5writeEh
 .text._Z12init_ds18b20v
                0x000004aa       0x28 main.o
                0x000004aa                _Z12init_ds18b20v
 .text._Z14update_ds18b20v
                0x000004d2       0xb6 main.o
                0x000004d2                _Z14update_ds18b20v
 .text._Z8update_kv
                0x00000588       0xa6 main.o
                0x00000588                _Z8update_kv
 .text.loop     0x0000062e      0x1a0 main.o
                0x0000062e                loop
 .text.startup._GLOBAL__sub_I_lcd
                0x000007ce       0x2e main.o
 .text.setup    0x000007fc      0x116 main.o
                0x000007fc                setup
 .text._ZN7OneWire5resetEv
                0x00000912       0x7e OneWire.o
                0x00000912                _ZN7OneWire5resetEv
 .text._ZN7OneWire9write_bitEh
                0x00000990       0x66 OneWire.o
                0x00000990                _ZN7OneWire9write_bitEh
 .text._ZN7OneWire8read_bitEv
                0x000009f6       0x56 OneWire.o
                0x000009f6                _ZN7OneWire8read_bitEv
 .text._ZN7OneWire5writeEhh
                0x00000a4c       0x84 OneWire.o
                0x00000a4c                _ZN7OneWire5writeEhh
 .text._ZN7OneWire4readEv
                0x00000ad0       0x38 OneWire.o
                0x00000ad0                _ZN7OneWire4readEv
 .text._ZN7OneWire6selectEPKh
                0x00000b08       0x5a OneWire.o
                0x00000b08                _ZN7OneWire6selectEPKh
 .text._ZN7OneWire12reset_searchEv
                0x00000b62       0x18 OneWire.o
                0x00000b62                _ZN7OneWire12reset_searchEv
 .text._ZN7OneWireC2Eh
                0x00000b7a       0x4a OneWire.o
                0x00000b7a                _ZN7OneWireC1Eh
                0x00000b7a                _ZN7OneWireC2Eh
 .text._ZN7OneWire6searchEPhb
                0x00000bc4      0x12e OneWire.o
                0x00000bc4                _ZN7OneWire6searchEPhb
 .text.avr-libc.fplib
                0x00000cf2        0xe c:/program files (x86)/atmel/studio/7.0/toolchain/avr8/avr8-gnu-toolchain/bin/../lib/gcc/avr/4.9.2/../../../../avr/lib/avr5\libm.a(addsf3.o)
                0x00000cf2                __subsf3
                0x00000cf4                __addsf3
 .text.avr-libc.fplib
                0x00000d00       0xcc c:/program files (x86)/atmel/studio/7.0/toolchain/avr8/avr8-gnu-toolchain/bin/../lib/gcc/avr/4.9.2/../../../../avr/lib/avr5\libm.a(addsf3x.o)
                0x00000d22                __addsf3x
 .text.avr-libc.fplib
                0x00000dcc        0x8 c:/program files (x86)/atmel/studio/7.0/toolchain/avr8/avr8-gnu-toolchain/bin/../lib/gcc/avr/4.9.2/../../../../avr/lib/avr5\libm.a(divsf3.o)
                0x00000dcc                __divsf3
 .text.avr-libc.fplib
                0x00000dd4       0xdc c:/program files (x86)/atmel/studio/7.0/toolchain/avr8/avr8-gnu-toolchain/bin/../lib/gcc/avr/4.9.2/../../../../avr/lib/avr5\libm.a(divsf3x.o)
                0x00000df4                __divsf3x
                0x00000dfa                __divsf3_pse
 .text.avr-libc.fplib
                0x00000eb0       0x7a c:/program files (x86)/atmel/studio/7.0/toolchain/avr8/avr8-gnu-toolchain/bin/../lib/gcc/avr/4.9.2/../../../../avr/lib/avr5\libm.a(floatsisf.o)
                0x00000eb0                __floatunsisf
                0x00000eb4                __floatsisf
 .text.avr-libc.fplib
                0x00000f2a        0xc c:/program files (x86)/atmel/studio/7.0/toolchain/avr8/avr8-gnu-toolchain/bin/../lib/gcc/avr/4.9.2/../../../../avr/lib/avr5\libm.a(fp_inf.o)
                0x00000f2a                __fp_inf
 .text.avr-libc.fplib
                0x00000f36        0x6 c:/program files (x86)/atmel/studio/7.0/toolchain/avr8/avr8-gnu-toolchain/bin/../lib/gcc/avr/4.9.2/../../../../avr/lib/avr5\libm.a(fp_nan.o)
                0x00000f36                __fp_nan
 .text.avr-libc.fplib
                0x00000f3c        0xe c:/program files (x86)/atmel/studio/7.0/toolchain/avr8/avr8-gnu-toolchain/bin/../lib/gcc/avr/4.9.2/../../../../avr/lib/avr5\libm.a(fp_pscA.o)
                0x00000f3c                __fp_pscA
 .text.avr-libc.fplib
                0x00000f4a        0xe c:/program files (x86)/atmel/studio/7.0/toolchain/avr8/avr8-gnu-toolchain/bin/../lib/gcc/avr/4.9.2/../../../../avr/lib/avr5\libm.a(fp_pscB.o)
                0x00000f4a                __fp_pscB
 .text.avr-libc.fplib
                0x00000f58       0x22 c:/program files (x86)/atmel/studio/7.0/toolchain/avr8/avr8-gnu-toolchain/bin/../lib/gcc/avr/4.9.2/../../../../avr/lib/avr5\libm.a(fp_round.o)
                0x00000f58                __fp_round
 .text.avr-libc.fplib
                0x00000f7a       0x44 c:/program files (x86)/atmel/studio/7.0/toolchain/avr8/avr8-gnu-toolchain/bin/../lib/gcc/avr/4.9.2/../../../../avr/lib/avr5\libm.a(fp_split3.o)
                0x00000f7a                __fp_split3
                0x00000f8a                __fp_splitA
 .text.avr-libc.fplib
                0x00000fbe        0xe c:/program files (x86)/atmel/studio/7.0/toolchain/avr8/avr8-gnu-toolchain/bin/../lib/gcc/avr/4.9.2/../../../../avr/lib/avr5\libm.a(fp_zero.o)
                0x00000fbe                __fp_zero
                0x00000fc0                __fp_szero
 .text.avr-libc.fplib
                0x00000fcc        0xa c:/program files (x86)/atmel/studio/7.0/toolchain/avr8/avr8-gnu-toolchain/bin/../lib/gcc/avr/4.9.2/../../../../avr/lib/avr5\libm.a(gesf2.o)
                0x00000fcc                __gesf2
                0x00000fcc                __gtsf2
 .text.avr-libc.fplib
                0x00000fd6        0x8 c:/program files (x86)/atmel/studio/7.0/toolchain/avr8/avr8-gnu-toolchain/bin/../lib/gcc/avr/4.9.2/../../../../avr/lib/avr5\libm.a(mulsf3.o)
                0x00000fd6                __mulsf3
 .text.avr-libc.fplib
                0x00000fde       0xd2 c:/program files (x86)/atmel/studio/7.0/toolchain/avr8/avr8-gnu-toolchain/bin/../lib/gcc/avr/4.9.2/../../../../avr/lib/avr5\libm.a(mulsf3x.o)
                0x00000ffc                __mulsf3x
                0x00001002                __mulsf3_pse
 .text.avr-libc.fplib
                0x000010b0       0x48 c:/program files (x86)/atmel/studio/7.0/toolchain/avr8/avr8-gnu-toolchain/bin/../lib/gcc/avr/4.9.2/../../../../avr/lib/avr5\libm.a(fp_cmp.o)
                0x000010b0                __fp_cmp
 .text._ZN14HardwareSerial9availableEv
                0x000010f8       0x18 D:\Google Drive\Soilless\Engenharia\Projeto A1\Hardware\Arduino CE v1.0\Atmel Studio\arduino_ec\arduino_ec\ArduinoCore\Debug\libArduinoCore.a(HardwareSerial.o)
                0x000010f8                _ZN14HardwareSerial9availableEv
 .text._ZN14HardwareSerial4peekEv
                0x00001110       0x1c D:\Google Drive\Soilless\Engenharia\Projeto A1\Hardware\Arduino CE v1.0\Atmel Studio\arduino_ec\arduino_ec\ArduinoCore\Debug\libArduinoCore.a(HardwareSerial.o)
                0x00001110                _ZN14HardwareSerial4peekEv
 .text._ZN14HardwareSerial4readEv
                0x0000112c       0x28 D:\Google Drive\Soilless\Engenharia\Projeto A1\Hardware\Arduino CE v1.0\Atmel Studio\arduino_ec\arduino_ec\ArduinoCore\Debug\libArduinoCore.a(HardwareSerial.o)
                0x0000112c                _ZN14HardwareSerial4readEv
 .text._Z14serialEventRunv
                0x00001154       0x1c D:\Google Drive\Soilless\Engenharia\Projeto A1\Hardware\Arduino CE v1.0\Atmel Studio\arduino_ec\arduino_ec\ArduinoCore\Debug\libArduinoCore.a(HardwareSerial.o)
                0x00001154                _Z14serialEventRunv
 .text._ZN14HardwareSerial17_tx_udr_empty_irqEv
                0x00001170       0x42 D:\Google Drive\Soilless\Engenharia\Projeto A1\Hardware\Arduino CE v1.0\Atmel Studio\arduino_ec\arduino_ec\ArduinoCore\Debug\libArduinoCore.a(HardwareSerial.o)
                0x00001170                _ZN14HardwareSerial17_tx_udr_empty_irqEv
 .text._ZN14HardwareSerial5flushEv
                0x000011b2       0x44 D:\Google Drive\Soilless\Engenharia\Projeto A1\Hardware\Arduino CE v1.0\Atmel Studio\arduino_ec\arduino_ec\ArduinoCore\Debug\libArduinoCore.a(HardwareSerial.o)
                0x000011b2                _ZN14HardwareSerial5flushEv
 .text._ZN14HardwareSerial5writeEh
                0x000011f6       0x8e D:\Google Drive\Soilless\Engenharia\Projeto A1\Hardware\Arduino CE v1.0\Atmel Studio\arduino_ec\arduino_ec\ArduinoCore\Debug\libArduinoCore.a(HardwareSerial.o)
                0x000011f6                _ZN14HardwareSerial5writeEh
 .text._ZN14HardwareSerial5beginEmh
                0x00001284       0xca D:\Google Drive\Soilless\Engenharia\Projeto A1\Hardware\Arduino CE v1.0\Atmel Studio\arduino_ec\arduino_ec\ArduinoCore\Debug\libArduinoCore.a(HardwareSerial.o)
                0x00001284                _ZN14HardwareSerial5beginEmh
 .text.__vector_18
                0x0000134e       0x64 D:\Google Drive\Soilless\Engenharia\Projeto A1\Hardware\Arduino CE v1.0\Atmel Studio\arduino_ec\arduino_ec\ArduinoCore\Debug\libArduinoCore.a(HardwareSerial0.o)
                0x0000134e                __vector_18
 .text.__vector_19
                0x000013b2       0x4c D:\Google Drive\Soilless\Engenharia\Projeto A1\Hardware\Arduino CE v1.0\Atmel Studio\arduino_ec\arduino_ec\ArduinoCore\Debug\libArduinoCore.a(HardwareSerial0.o)
                0x000013b2                __vector_19
 .text._Z17Serial0_availablev
                0x000013fe       0x14 D:\Google Drive\Soilless\Engenharia\Projeto A1\Hardware\Arduino CE v1.0\Atmel Studio\arduino_ec\arduino_ec\ArduinoCore\Debug\libArduinoCore.a(HardwareSerial0.o)
                0x000013fe                _Z17Serial0_availablev
 .text.startup._GLOBAL__sub_I___vector_18
                0x00001412       0x5a D:\Google Drive\Soilless\Engenharia\Projeto A1\Hardware\Arduino CE v1.0\Atmel Studio\arduino_ec\arduino_ec\ArduinoCore\Debug\libArduinoCore.a(HardwareSerial0.o)
 .text.initVariant
                0x0000146c        0x2 D:\Google Drive\Soilless\Engenharia\Projeto A1\Hardware\Arduino CE v1.0\Atmel Studio\arduino_ec\arduino_ec\ArduinoCore\Debug\libArduinoCore.a(main.o)
                0x0000146c                initVariant
 .text.startup.main
                0x0000146e       0x1e D:\Google Drive\Soilless\Engenharia\Projeto A1\Hardware\Arduino CE v1.0\Atmel Studio\arduino_ec\arduino_ec\ArduinoCore\Debug\libArduinoCore.a(main.o)
                0x0000146e                main
 .text._ZN5Print5writeEPKhj
                0x0000148c       0x56 D:\Google Drive\Soilless\Engenharia\Projeto A1\Hardware\Arduino CE v1.0\Atmel Studio\arduino_ec\arduino_ec\ArduinoCore\Debug\libArduinoCore.a(Print.o)
                0x0000148c                _ZN5Print5writeEPKhj
 .text._ZN5Print5writeEPKc
                0x000014e2       0x2a D:\Google Drive\Soilless\Engenharia\Projeto A1\Hardware\Arduino CE v1.0\Atmel Studio\arduino_ec\arduino_ec\ArduinoCore\Debug\libArduinoCore.a(Print.o)
                0x000014e2                _ZN5Print5writeEPKc
 .text._ZN5Print5printEPKc
                0x0000150c        0x4 D:\Google Drive\Soilless\Engenharia\Projeto A1\Hardware\Arduino CE v1.0\Atmel Studio\arduino_ec\arduino_ec\ArduinoCore\Debug\libArduinoCore.a(Print.o)
                0x0000150c                _ZN5Print5printEPKc
 .text._ZN5Print5printEc
                0x00001510        0xe D:\Google Drive\Soilless\Engenharia\Projeto A1\Hardware\Arduino CE v1.0\Atmel Studio\arduino_ec\arduino_ec\ArduinoCore\Debug\libArduinoCore.a(Print.o)
                0x00001510                _ZN5Print5printEc
 .text._ZN5Print7printlnEv
                0x0000151e        0x8 D:\Google Drive\Soilless\Engenharia\Projeto A1\Hardware\Arduino CE v1.0\Atmel Studio\arduino_ec\arduino_ec\ArduinoCore\Debug\libArduinoCore.a(Print.o)
                0x0000151e                _ZN5Print7printlnEv
 .text._ZN5Print7printlnEPKc
                0x00001526       0x24 D:\Google Drive\Soilless\Engenharia\Projeto A1\Hardware\Arduino CE v1.0\Atmel Studio\arduino_ec\arduino_ec\ArduinoCore\Debug\libArduinoCore.a(Print.o)
                0x00001526                _ZN5Print7printlnEPKc
 .text._ZN5Print11printNumberEmh
                0x0000154a       0xa8 D:\Google Drive\Soilless\Engenharia\Projeto A1\Hardware\Arduino CE v1.0\Atmel Studio\arduino_ec\arduino_ec\ArduinoCore\Debug\libArduinoCore.a(Print.o)
                0x0000154a                _ZN5Print11printNumberEmh
 .text._ZN5Print10printFloatEdh
                0x000015f2      0x1c4 D:\Google Drive\Soilless\Engenharia\Projeto A1\Hardware\Arduino CE v1.0\Atmel Studio\arduino_ec\arduino_ec\ArduinoCore\Debug\libArduinoCore.a(Print.o)
                0x000015f2                _ZN5Print10printFloatEdh
 .text._ZN5Print5printEdi
                0x000017b6        0x4 D:\Google Drive\Soilless\Engenharia\Projeto A1\Hardware\Arduino CE v1.0\Atmel Studio\arduino_ec\arduino_ec\ArduinoCore\Debug\libArduinoCore.a(Print.o)
                0x000017b6                _ZN5Print5printEdi
 .text.__vector_16
                0x000017ba       0x94 D:\Google Drive\Soilless\Engenharia\Projeto A1\Hardware\Arduino CE v1.0\Atmel Studio\arduino_ec\arduino_ec\ArduinoCore\Debug\libArduinoCore.a(wiring.o)
                0x000017ba                __vector_16
 .text.millis   0x0000184e       0x18 D:\Google Drive\Soilless\Engenharia\Projeto A1\Hardware\Arduino CE v1.0\Atmel Studio\arduino_ec\arduino_ec\ArduinoCore\Debug\libArduinoCore.a(wiring.o)
                0x0000184e                millis
 .text.micros   0x00001866       0x4a D:\Google Drive\Soilless\Engenharia\Projeto A1\Hardware\Arduino CE v1.0\Atmel Studio\arduino_ec\arduino_ec\ArduinoCore\Debug\libArduinoCore.a(wiring.o)
                0x00001866                micros
 .text.delay    0x000018b0       0x78 D:\Google Drive\Soilless\Engenharia\Projeto A1\Hardware\Arduino CE v1.0\Atmel Studio\arduino_ec\arduino_ec\ArduinoCore\Debug\libArduinoCore.a(wiring.o)
                0x000018b0                delay
 .text.delayMicroseconds
                0x00001928       0x16 D:\Google Drive\Soilless\Engenharia\Projeto A1\Hardware\Arduino CE v1.0\Atmel Studio\arduino_ec\arduino_ec\ArduinoCore\Debug\libArduinoCore.a(wiring.o)
                0x00001928                delayMicroseconds
 .text.init     0x0000193e       0x76 D:\Google Drive\Soilless\Engenharia\Projeto A1\Hardware\Arduino CE v1.0\Atmel Studio\arduino_ec\arduino_ec\ArduinoCore\Debug\libArduinoCore.a(wiring.o)
                0x0000193e                init
 .text.analogRead
                0x000019b4       0x3a D:\Google Drive\Soilless\Engenharia\Projeto A1\Hardware\Arduino CE v1.0\Atmel Studio\arduino_ec\arduino_ec\ArduinoCore\Debug\libArduinoCore.a(wiring_analog.o)
                0x000019b4                analogRead
 .text.turnOffPWM
                0x000019ee       0x52 D:\Google Drive\Soilless\Engenharia\Projeto A1\Hardware\Arduino CE v1.0\Atmel Studio\arduino_ec\arduino_ec\ArduinoCore\Debug\libArduinoCore.a(wiring_digital.o)
 .text.pinMode  0x00001a40       0x78 D:\Google Drive\Soilless\Engenharia\Projeto A1\Hardware\Arduino CE v1.0\Atmel Studio\arduino_ec\arduino_ec\ArduinoCore\Debug\libArduinoCore.a(wiring_digital.o)
                0x00001a40                pinMode
 .text.digitalWrite
                0x00001ab8       0x60 D:\Google Drive\Soilless\Engenharia\Projeto A1\Hardware\Arduino CE v1.0\Atmel Studio\arduino_ec\arduino_ec\ArduinoCore\Debug\libArduinoCore.a(wiring_digital.o)
                0x00001ab8                digitalWrite
 .text.digitalRead
                0x00001b18       0x52 D:\Google Drive\Soilless\Engenharia\Projeto A1\Hardware\Arduino CE v1.0\Atmel Studio\arduino_ec\arduino_ec\ArduinoCore\Debug\libArduinoCore.a(wiring_digital.o)
                0x00001b18                digitalRead
 .text.__empty  0x00001b6a        0x2 D:\Google Drive\Soilless\Engenharia\Projeto A1\Hardware\Arduino CE v1.0\Atmel Studio\arduino_ec\arduino_ec\ArduinoCore\Debug\libArduinoCore.a(hooks.o)
                0x00001b6a                yield
 .text.avr-libc.fplib
                0x00001b6c        0xa c:/program files (x86)/atmel/studio/7.0/toolchain/avr8/avr8-gnu-toolchain/bin/../lib/gcc/avr/4.9.2/../../../../avr/lib/avr5\libm.a(cmpsf2.o)
                0x00001b6c                __nesf2
                0x00001b6c                __eqsf2
                0x00001b6c                __cmpsf2
                0x00001b6c                __ltsf2
                0x00001b6c                __lesf2
 .text.avr-libc.fplib
                0x00001b76       0x5e c:/program files (x86)/atmel/studio/7.0/toolchain/avr8/avr8-gnu-toolchain/bin/../lib/gcc/avr/4.9.2/../../../../avr/lib/avr5\libm.a(fixunssfsi.o)
                0x00001b76                __fixunssfsi
 .text.avr-libc.fplib
                0x00001bd4        0xa c:/program files (x86)/atmel/studio/7.0/toolchain/avr8/avr8-gnu-toolchain/bin/../lib/gcc/avr/4.9.2/../../../../avr/lib/avr5\libm.a(unordsf2.o)
                0x00001bd4                __unordsf2
 .text.libgcc.div
                0x00001bde       0x28 c:/program files (x86)/atmel/studio/7.0/toolchain/avr8/avr8-gnu-toolchain/bin/../lib/gcc/avr/4.9.2/avr5\libgcc.a(_udivmodhi4.o)
                0x00001bde                __udivmodhi4
 .text.libgcc.div
                0x00001c06       0x44 c:/program files (x86)/atmel/studio/7.0/toolchain/avr8/avr8-gnu-toolchain/bin/../lib/gcc/avr/4.9.2/avr5\libgcc.a(_udivmodsi4.o)
                0x00001c06                __udivmodsi4
 .text.libgcc   0x00001c4a        0xc c:/program files (x86)/atmel/studio/7.0/toolchain/avr8/avr8-gnu-toolchain/bin/../lib/gcc/avr/4.9.2/avr5\libgcc.a(_tablejump2.o)
                0x00001c4a                __tablejump2__
                0x00001c56                . = ALIGN (0x2)
 *(.fini9)
 .fini9         0x00001c56        0x0 c:/program files (x86)/atmel/studio/7.0/toolchain/avr8/avr8-gnu-toolchain/bin/../lib/gcc/avr/4.9.2/avr5\libgcc.a(_exit.o)
                0x00001c56                _exit
                0x00001c56                exit
 *(.fini9)
 *(.fini8)
 *(.fini8)
 *(.fini7)
 *(.fini7)
 *(.fini6)
 *(.fini6)
 *(.fini5)
 *(.fini5)
 *(.fini4)
 *(.fini4)
 *(.fini3)
 *(.fini3)
 *(.fini2)
 *(.fini2)
 *(.fini1)
 *(.fini1)
 *(.fini0)
 .fini0         0x00001c56        0x4 c:/program files (x86)/atmel/studio/7.0/toolchain/avr8/avr8-gnu-toolchain/bin/../lib/gcc/avr/4.9.2/avr5\libgcc.a(_exit.o)
 *(.fini0)
                0x00001c5a                _etext = .

.data           0x00800100       0x4e load address 0x00001c5a
                0x00800100                PROVIDE (__data_start, .)
 *(.data)
 *(.data*)
 .data.customChar
                0x00800100        0x8 main.o
                0x00800100                customChar
 .data.analog_reference
                0x00800108        0x1 D:\Google Drive\Soilless\Engenharia\Projeto A1\Hardware\Arduino CE v1.0\Atmel Studio\arduino_ec\arduino_ec\ArduinoCore\Debug\libArduinoCore.a(wiring_analog.o)
                0x00800108                analog_reference
 *(.rodata)
 *(.rodata*)
 .rodata._ZTV13LiquidCrystal
                0x00800109        0x8 LiquidCrystal.o
                0x00800109                _ZTV13LiquidCrystal
 .rodata.str1.1
                0x00800111       0x1e main.o
 .rodata._ZTV14HardwareSerial
                0x0080012f       0x10 D:\Google Drive\Soilless\Engenharia\Projeto A1\Hardware\Arduino CE v1.0\Atmel Studio\arduino_ec\arduino_ec\ArduinoCore\Debug\libArduinoCore.a(HardwareSerial.o)
                0x0080012f                _ZTV14HardwareSerial
 .rodata.str1.1
                0x0080013f        0xf D:\Google Drive\Soilless\Engenharia\Projeto A1\Hardware\Arduino CE v1.0\Atmel Studio\arduino_ec\arduino_ec\ArduinoCore\Debug\libArduinoCore.a(Print.o)
 *(.gnu.linkonce.d*)
                0x0080014e                . = ALIGN (0x2)
                0x0080014e                _edata = .
                0x0080014e                PROVIDE (__data_end, .)

.bss            0x0080014e      0x112
                0x0080014e                PROVIDE (__bss_start, .)
 *(.bss)
 *(.bss*)
 .bss.currentMillis
                0x0080014e        0x4 main.o
                0x0080014e                currentMillis
 .bss.previousMillis
                0x00800152        0x4 main.o
                0x00800152                previousMillis
 .bss.adc_index
                0x00800156        0x1 main.o
                0x00800156                adc_index
 .bss.adc       0x00800157       0x14 main.o
                0x00800157                adc
 .bss.adc_total
                0x0080016b        0x2 main.o
                0x0080016b                adc_total
 .bss.adc_avg   0x0080016d        0x2 main.o
                0x0080016d                adc_avg
 .bss.ec_ref    0x0080016f        0x4 main.o
                0x0080016f                ec_ref
 .bss.ec        0x00800173        0x4 main.o
                0x00800173                ec
 .bss.k         0x00800177        0x4 main.o
                0x00800177                k
 .bss.celsius   0x0080017b        0x4 main.o
                0x0080017b                celsius
 .bss.addr      0x0080017f        0x8 main.o
                0x0080017f                addr
 .bss.data      0x00800187        0xc main.o
                0x00800187                data
 .bss.i         0x00800193        0x1 main.o
                0x00800193                i
 .bss.ds        0x00800194        0xe main.o
                0x00800194                ds
 .bss.lcd       0x008001a2       0x18 main.o
                0x008001a2                lcd
 .bss.Serial    0x008001ba       0x9d D:\Google Drive\Soilless\Engenharia\Projeto A1\Hardware\Arduino CE v1.0\Atmel Studio\arduino_ec\arduino_ec\ArduinoCore\Debug\libArduinoCore.a(HardwareSerial0.o)
                0x008001ba                Serial
 .bss.timer0_fract
                0x00800257        0x1 D:\Google Drive\Soilless\Engenharia\Projeto A1\Hardware\Arduino CE v1.0\Atmel Studio\arduino_ec\arduino_ec\ArduinoCore\Debug\libArduinoCore.a(wiring.o)
 .bss.timer0_millis
                0x00800258        0x4 D:\Google Drive\Soilless\Engenharia\Projeto A1\Hardware\Arduino CE v1.0\Atmel Studio\arduino_ec\arduino_ec\ArduinoCore\Debug\libArduinoCore.a(wiring.o)
                0x00800258                timer0_millis
 .bss.timer0_overflow_count
                0x0080025c        0x4 D:\Google Drive\Soilless\Engenharia\Projeto A1\Hardware\Arduino CE v1.0\Atmel Studio\arduino_ec\arduino_ec\ArduinoCore\Debug\libArduinoCore.a(wiring.o)
                0x0080025c                timer0_overflow_count
 *(COMMON)
                0x00800260                PROVIDE (__bss_end, .)
                0x00001c5a                __data_load_start = LOADADDR (.data)
                0x00001ca8                __data_load_end = (__data_load_start + SIZEOF (.data))

.noinit         0x00800260        0x0
                [!provide]                PROVIDE (__noinit_start, .)
 *(.noinit*)
                [!provide]                PROVIDE (__noinit_end, .)
                0x00800260                _end = .
                [!provide]                PROVIDE (__heap_start, .)

.eeprom         0x00810000        0x0
 *(.eeprom*)
                0x00810000                __eeprom_end = .

.fuse
 *(.fuse)
 *(.lfuse)
 *(.hfuse)
 *(.efuse)

.lock
 *(.lock*)

.signature
 *(.signature*)

.user_signatures
 *(.user_signatures*)

.stab
 *(.stab)

.stabstr
 *(.stabstr)

.stab.excl
 *(.stab.excl)

.stab.exclstr
 *(.stab.exclstr)

.stab.index
 *(.stab.index)

.stab.indexstr
 *(.stab.indexstr)

.comment        0x00000000       0x30
 *(.comment)
 .comment       0x00000000       0x30 LiquidCrystal.o
                                 0x31 (size before relaxing)
 .comment       0x00000030       0x31 main.o
 .comment       0x00000030       0x31 OneWire.o
 .comment       0x00000030       0x31 D:\Google Drive\Soilless\Engenharia\Projeto A1\Hardware\Arduino CE v1.0\Atmel Studio\arduino_ec\arduino_ec\ArduinoCore\Debug\libArduinoCore.a(HardwareSerial.o)
 .comment       0x00000030       0x31 D:\Google Drive\Soilless\Engenharia\Projeto A1\Hardware\Arduino CE v1.0\Atmel Studio\arduino_ec\arduino_ec\ArduinoCore\Debug\libArduinoCore.a(HardwareSerial0.o)
 .comment       0x00000030       0x31 D:\Google Drive\Soilless\Engenharia\Projeto A1\Hardware\Arduino CE v1.0\Atmel Studio\arduino_ec\arduino_ec\ArduinoCore\Debug\libArduinoCore.a(main.o)
 .comment       0x00000030       0x31 D:\Google Drive\Soilless\Engenharia\Projeto A1\Hardware\Arduino CE v1.0\Atmel Studio\arduino_ec\arduino_ec\ArduinoCore\Debug\libArduinoCore.a(Print.o)
 .comment       0x00000030       0x31 D:\Google Drive\Soilless\Engenharia\Projeto A1\Hardware\Arduino CE v1.0\Atmel Studio\arduino_ec\arduino_ec\ArduinoCore\Debug\libArduinoCore.a(wiring.o)
 .comment       0x00000030       0x31 D:\Google Drive\Soilless\Engenharia\Projeto A1\Hardware\Arduino CE v1.0\Atmel Studio\arduino_ec\arduino_ec\ArduinoCore\Debug\libArduinoCore.a(wiring_analog.o)
 .comment       0x00000030       0x31 D:\Google Drive\Soilless\Engenharia\Projeto A1\Hardware\Arduino CE v1.0\Atmel Studio\arduino_ec\arduino_ec\ArduinoCore\Debug\libArduinoCore.a(wiring_digital.o)
 .comment       0x00000030       0x31 D:\Google Drive\Soilless\Engenharia\Projeto A1\Hardware\Arduino CE v1.0\Atmel Studio\arduino_ec\arduino_ec\ArduinoCore\Debug\libArduinoCore.a(hooks.o)

.note.gnu.avr.deviceinfo
                0x00000000       0x40
 .note.gnu.avr.deviceinfo
                0x00000000       0x40 C:/Program Files (x86)/Atmel/Studio/7.0/Packs/atmel/ATmega_DFP/1.1.130/gcc/dev/atmega328p/avr5/crtatmega328p.o

.note.gnu.build-id
 *(.note.gnu.build-id)

.debug
 *(.debug)

.line
 *(.line)

.debug_srcinfo
 *(.debug_srcinfo)

.debug_sfnames
 *(.debug_sfnames)

.debug_aranges  0x00000000      0x480
 *(.debug_aranges)
 .debug_aranges
                0x00000000      0x100 LiquidCrystal.o
 .debug_aranges
                0x00000100       0x48 main.o
 .debug_aranges
                0x00000148       0xa0 OneWire.o
 .debug_aranges
                0x000001e8       0x68 D:\Google Drive\Soilless\Engenharia\Projeto A1\Hardware\Arduino CE v1.0\Atmel Studio\arduino_ec\arduino_ec\ArduinoCore\Debug\libArduinoCore.a(HardwareSerial.o)
 .debug_aranges
                0x00000250       0x38 D:\Google Drive\Soilless\Engenharia\Projeto A1\Hardware\Arduino CE v1.0\Atmel Studio\arduino_ec\arduino_ec\ArduinoCore\Debug\libArduinoCore.a(HardwareSerial0.o)
 .debug_aranges
                0x00000288       0x38 D:\Google Drive\Soilless\Engenharia\Projeto A1\Hardware\Arduino CE v1.0\Atmel Studio\arduino_ec\arduino_ec\ArduinoCore\Debug\libArduinoCore.a(main.o)
 .debug_aranges
                0x000002c0       0xf0 D:\Google Drive\Soilless\Engenharia\Projeto A1\Hardware\Arduino CE v1.0\Atmel Studio\arduino_ec\arduino_ec\ArduinoCore\Debug\libArduinoCore.a(Print.o)
 .debug_aranges
                0x000003b0       0x48 D:\Google Drive\Soilless\Engenharia\Projeto A1\Hardware\Arduino CE v1.0\Atmel Studio\arduino_ec\arduino_ec\ArduinoCore\Debug\libArduinoCore.a(wiring.o)
 .debug_aranges
                0x000003f8       0x30 D:\Google Drive\Soilless\Engenharia\Projeto A1\Hardware\Arduino CE v1.0\Atmel Studio\arduino_ec\arduino_ec\ArduinoCore\Debug\libArduinoCore.a(wiring_analog.o)
 .debug_aranges
                0x00000428       0x38 D:\Google Drive\Soilless\Engenharia\Projeto A1\Hardware\Arduino CE v1.0\Atmel Studio\arduino_ec\arduino_ec\ArduinoCore\Debug\libArduinoCore.a(wiring_digital.o)
 .debug_aranges
                0x00000460       0x20 D:\Google Drive\Soilless\Engenharia\Projeto A1\Hardware\Arduino CE v1.0\Atmel Studio\arduino_ec\arduino_ec\ArduinoCore\Debug\libArduinoCore.a(hooks.o)

.debug_pubnames
 *(.debug_pubnames)

.debug_info     0x00000000     0xb06a
 *(.debug_info .gnu.linkonce.wi.*)
 .debug_info    0x00000000      0x5f4 C:/Program Files (x86)/Atmel/Studio/7.0/Packs/atmel/ATmega_DFP/1.1.130/gcc/dev/atmega328p/avr5/crtatmega328p.o
 .debug_info    0x000005f4     0x1b38 LiquidCrystal.o
 .debug_info    0x0000212c      0xfc1 main.o
 .debug_info    0x000030ed      0xf56 OneWire.o
 .debug_info    0x00004043     0x1e51 D:\Google Drive\Soilless\Engenharia\Projeto A1\Hardware\Arduino CE v1.0\Atmel Studio\arduino_ec\arduino_ec\ArduinoCore\Debug\libArduinoCore.a(HardwareSerial.o)
 .debug_info    0x00005e94     0x1a4a D:\Google Drive\Soilless\Engenharia\Projeto A1\Hardware\Arduino CE v1.0\Atmel Studio\arduino_ec\arduino_ec\ArduinoCore\Debug\libArduinoCore.a(HardwareSerial0.o)
 .debug_info    0x000078de      0x231 D:\Google Drive\Soilless\Engenharia\Projeto A1\Hardware\Arduino CE v1.0\Atmel Studio\arduino_ec\arduino_ec\ArduinoCore\Debug\libArduinoCore.a(main.o)
 .debug_info    0x00007b0f     0x29db D:\Google Drive\Soilless\Engenharia\Projeto A1\Hardware\Arduino CE v1.0\Atmel Studio\arduino_ec\arduino_ec\ArduinoCore\Debug\libArduinoCore.a(Print.o)
 .debug_info    0x0000a4ea      0x2c8 D:\Google Drive\Soilless\Engenharia\Projeto A1\Hardware\Arduino CE v1.0\Atmel Studio\arduino_ec\arduino_ec\ArduinoCore\Debug\libArduinoCore.a(wiring.o)
 .debug_info    0x0000a7b2      0x281 D:\Google Drive\Soilless\Engenharia\Projeto A1\Hardware\Arduino CE v1.0\Atmel Studio\arduino_ec\arduino_ec\ArduinoCore\Debug\libArduinoCore.a(wiring_analog.o)
 .debug_info    0x0000aa33      0x5f9 D:\Google Drive\Soilless\Engenharia\Projeto A1\Hardware\Arduino CE v1.0\Atmel Studio\arduino_ec\arduino_ec\ArduinoCore\Debug\libArduinoCore.a(wiring_digital.o)
 .debug_info    0x0000b02c       0x3e D:\Google Drive\Soilless\Engenharia\Projeto A1\Hardware\Arduino CE v1.0\Atmel Studio\arduino_ec\arduino_ec\ArduinoCore\Debug\libArduinoCore.a(hooks.o)

.debug_abbrev   0x00000000     0x2243
 *(.debug_abbrev)
 .debug_abbrev  0x00000000      0x5a2 C:/Program Files (x86)/Atmel/Studio/7.0/Packs/atmel/ATmega_DFP/1.1.130/gcc/dev/atmega328p/avr5/crtatmega328p.o
 .debug_abbrev  0x000005a2      0x367 LiquidCrystal.o
 .debug_abbrev  0x00000909      0x39e main.o
 .debug_abbrev  0x00000ca7      0x395 OneWire.o
 .debug_abbrev  0x0000103c      0x478 D:\Google Drive\Soilless\Engenharia\Projeto A1\Hardware\Arduino CE v1.0\Atmel Studio\arduino_ec\arduino_ec\ArduinoCore\Debug\libArduinoCore.a(HardwareSerial.o)
 .debug_abbrev  0x000014b4      0x3b1 D:\Google Drive\Soilless\Engenharia\Projeto A1\Hardware\Arduino CE v1.0\Atmel Studio\arduino_ec\arduino_ec\ArduinoCore\Debug\libArduinoCore.a(HardwareSerial0.o)
 .debug_abbrev  0x00001865      0x109 D:\Google Drive\Soilless\Engenharia\Projeto A1\Hardware\Arduino CE v1.0\Atmel Studio\arduino_ec\arduino_ec\ArduinoCore\Debug\libArduinoCore.a(main.o)
 .debug_abbrev  0x0000196e      0x487 D:\Google Drive\Soilless\Engenharia\Projeto A1\Hardware\Arduino CE v1.0\Atmel Studio\arduino_ec\arduino_ec\ArduinoCore\Debug\libArduinoCore.a(Print.o)
 .debug_abbrev  0x00001df5      0x145 D:\Google Drive\Soilless\Engenharia\Projeto A1\Hardware\Arduino CE v1.0\Atmel Studio\arduino_ec\arduino_ec\ArduinoCore\Debug\libArduinoCore.a(wiring.o)
 .debug_abbrev  0x00001f3a      0x184 D:\Google Drive\Soilless\Engenharia\Projeto A1\Hardware\Arduino CE v1.0\Atmel Studio\arduino_ec\arduino_ec\ArduinoCore\Debug\libArduinoCore.a(wiring_analog.o)
 .debug_abbrev  0x000020be      0x15b D:\Google Drive\Soilless\Engenharia\Projeto A1\Hardware\Arduino CE v1.0\Atmel Studio\arduino_ec\arduino_ec\ArduinoCore\Debug\libArduinoCore.a(wiring_digital.o)
 .debug_abbrev  0x00002219       0x2a D:\Google Drive\Soilless\Engenharia\Projeto A1\Hardware\Arduino CE v1.0\Atmel Studio\arduino_ec\arduino_ec\ArduinoCore\Debug\libArduinoCore.a(hooks.o)

.debug_line     0x00000000     0x29cd
 *(.debug_line .debug_line.* .debug_line_end)
 .debug_line    0x00000000      0x133 C:/Program Files (x86)/Atmel/Studio/7.0/Packs/atmel/ATmega_DFP/1.1.130/gcc/dev/atmega328p/avr5/crtatmega328p.o
 .debug_line    0x00000133      0x8b2 LiquidCrystal.o
 .debug_line    0x000009e5      0x3ed main.o
 .debug_line    0x00000dd2      0x692 OneWire.o
 .debug_line    0x00001464      0x426 D:\Google Drive\Soilless\Engenharia\Projeto A1\Hardware\Arduino CE v1.0\Atmel Studio\arduino_ec\arduino_ec\ArduinoCore\Debug\libArduinoCore.a(HardwareSerial.o)
 .debug_line    0x0000188a      0x257 D:\Google Drive\Soilless\Engenharia\Projeto A1\Hardware\Arduino CE v1.0\Atmel Studio\arduino_ec\arduino_ec\ArduinoCore\Debug\libArduinoCore.a(HardwareSerial0.o)
 .debug_line    0x00001ae1      0x175 D:\Google Drive\Soilless\Engenharia\Projeto A1\Hardware\Arduino CE v1.0\Atmel Studio\arduino_ec\arduino_ec\ArduinoCore\Debug\libArduinoCore.a(main.o)
 .debug_line    0x00001c56      0x63c D:\Google Drive\Soilless\Engenharia\Projeto A1\Hardware\Arduino CE v1.0\Atmel Studio\arduino_ec\arduino_ec\ArduinoCore\Debug\libArduinoCore.a(Print.o)
 .debug_line    0x00002292      0x299 D:\Google Drive\Soilless\Engenharia\Projeto A1\Hardware\Arduino CE v1.0\Atmel Studio\arduino_ec\arduino_ec\ArduinoCore\Debug\libArduinoCore.a(wiring.o)
 .debug_line    0x0000252b      0x20f D:\Google Drive\Soilless\Engenharia\Projeto A1\Hardware\Arduino CE v1.0\Atmel Studio\arduino_ec\arduino_ec\ArduinoCore\Debug\libArduinoCore.a(wiring_analog.o)
 .debug_line    0x0000273a      0x252 D:\Google Drive\Soilless\Engenharia\Projeto A1\Hardware\Arduino CE v1.0\Atmel Studio\arduino_ec\arduino_ec\ArduinoCore\Debug\libArduinoCore.a(wiring_digital.o)
 .debug_line    0x0000298c       0x41 D:\Google Drive\Soilless\Engenharia\Projeto A1\Hardware\Arduino CE v1.0\Atmel Studio\arduino_ec\arduino_ec\ArduinoCore\Debug\libArduinoCore.a(hooks.o)

.debug_frame    0x00000000      0xdf0
 *(.debug_frame)
 .debug_frame   0x00000000      0x344 LiquidCrystal.o
 .debug_frame   0x00000344       0xac main.o
 .debug_frame   0x000003f0      0x288 OneWire.o
 .debug_frame   0x00000678      0x110 D:\Google Drive\Soilless\Engenharia\Projeto A1\Hardware\Arduino CE v1.0\Atmel Studio\arduino_ec\arduino_ec\ArduinoCore\Debug\libArduinoCore.a(HardwareSerial.o)
 .debug_frame   0x00000788       0xc0 D:\Google Drive\Soilless\Engenharia\Projeto A1\Hardware\Arduino CE v1.0\Atmel Studio\arduino_ec\arduino_ec\ArduinoCore\Debug\libArduinoCore.a(HardwareSerial0.o)
 .debug_frame   0x00000848       0x54 D:\Google Drive\Soilless\Engenharia\Projeto A1\Hardware\Arduino CE v1.0\Atmel Studio\arduino_ec\arduino_ec\ArduinoCore\Debug\libArduinoCore.a(main.o)
 .debug_frame   0x0000089c      0x39c D:\Google Drive\Soilless\Engenharia\Projeto A1\Hardware\Arduino CE v1.0\Atmel Studio\arduino_ec\arduino_ec\ArduinoCore\Debug\libArduinoCore.a(Print.o)
 .debug_frame   0x00000c38       0xc4 D:\Google Drive\Soilless\Engenharia\Projeto A1\Hardware\Arduino CE v1.0\Atmel Studio\arduino_ec\arduino_ec\ArduinoCore\Debug\libArduinoCore.a(wiring.o)
 .debug_frame   0x00000cfc       0x54 D:\Google Drive\Soilless\Engenharia\Projeto A1\Hardware\Arduino CE v1.0\Atmel Studio\arduino_ec\arduino_ec\ArduinoCore\Debug\libArduinoCore.a(wiring_analog.o)
 .debug_frame   0x00000d50       0x7c D:\Google Drive\Soilless\Engenharia\Projeto A1\Hardware\Arduino CE v1.0\Atmel Studio\arduino_ec\arduino_ec\ArduinoCore\Debug\libArduinoCore.a(wiring_digital.o)
 .debug_frame   0x00000dcc       0x24 D:\Google Drive\Soilless\Engenharia\Projeto A1\Hardware\Arduino CE v1.0\Atmel Studio\arduino_ec\arduino_ec\ArduinoCore\Debug\libArduinoCore.a(hooks.o)

.debug_str      0x00000000     0x2604
 *(.debug_str)
 .debug_str     0x00000000      0x208 C:/Program Files (x86)/Atmel/Studio/7.0/Packs/atmel/ATmega_DFP/1.1.130/gcc/dev/atmega328p/avr5/crtatmega328p.o
 .debug_str     0x00000208      0x7fa LiquidCrystal.o
                                0x850 (size before relaxing)
 .debug_str     0x00000a02      0x432 main.o
                                0x7d9 (size before relaxing)
 .debug_str     0x00000e34      0x14f OneWire.o
                                0x66e (size before relaxing)
 .debug_str     0x00000f83     0x107c D:\Google Drive\Soilless\Engenharia\Projeto A1\Hardware\Arduino CE v1.0\Atmel Studio\arduino_ec\arduino_ec\ArduinoCore\Debug\libArduinoCore.a(HardwareSerial.o)
                               0x137b (size before relaxing)
 .debug_str     0x00001fff       0x47 D:\Google Drive\Soilless\Engenharia\Projeto A1\Hardware\Arduino CE v1.0\Atmel Studio\arduino_ec\arduino_ec\ArduinoCore\Debug\libArduinoCore.a(HardwareSerial0.o)
                               0x117b (size before relaxing)
 .debug_str     0x00002046       0x43 D:\Google Drive\Soilless\Engenharia\Projeto A1\Hardware\Arduino CE v1.0\Atmel Studio\arduino_ec\arduino_ec\ArduinoCore\Debug\libArduinoCore.a(main.o)
                                0x2e6 (size before relaxing)
 .debug_str     0x00002089      0x359 D:\Google Drive\Soilless\Engenharia\Projeto A1\Hardware\Arduino CE v1.0\Atmel Studio\arduino_ec\arduino_ec\ArduinoCore\Debug\libArduinoCore.a(Print.o)
                                0xfd7 (size before relaxing)
 .debug_str     0x000023e2      0x148 D:\Google Drive\Soilless\Engenharia\Projeto A1\Hardware\Arduino CE v1.0\Atmel Studio\arduino_ec\arduino_ec\ArduinoCore\Debug\libArduinoCore.a(wiring.o)
                                0x270 (size before relaxing)
 .debug_str     0x0000252a       0x67 D:\Google Drive\Soilless\Engenharia\Projeto A1\Hardware\Arduino CE v1.0\Atmel Studio\arduino_ec\arduino_ec\ArduinoCore\Debug\libArduinoCore.a(wiring_analog.o)
                                0x274 (size before relaxing)
 .debug_str     0x00002591       0x57 D:\Google Drive\Soilless\Engenharia\Projeto A1\Hardware\Arduino CE v1.0\Atmel Studio\arduino_ec\arduino_ec\ArduinoCore\Debug\libArduinoCore.a(wiring_digital.o)
                                0x2d5 (size before relaxing)
 .debug_str     0x000025e8       0x1c D:\Google Drive\Soilless\Engenharia\Projeto A1\Hardware\Arduino CE v1.0\Atmel Studio\arduino_ec\arduino_ec\ArduinoCore\Debug\libArduinoCore.a(hooks.o)
                                0x165 (size before relaxing)

.debug_loc      0x00000000     0x5ab8
 *(.debug_loc)
 .debug_loc     0x00000000     0x1acd LiquidCrystal.o
 .debug_loc     0x00001acd      0x103 main.o
 .debug_loc     0x00001bd0     0x10b0 OneWire.o
 .debug_loc     0x00002c80      0x497 D:\Google Drive\Soilless\Engenharia\Projeto A1\Hardware\Arduino CE v1.0\Atmel Studio\arduino_ec\arduino_ec\ArduinoCore\Debug\libArduinoCore.a(HardwareSerial.o)
 .debug_loc     0x00003117      0x161 D:\Google Drive\Soilless\Engenharia\Projeto A1\Hardware\Arduino CE v1.0\Atmel Studio\arduino_ec\arduino_ec\ArduinoCore\Debug\libArduinoCore.a(HardwareSerial0.o)
 .debug_loc     0x00003278     0x1ef6 D:\Google Drive\Soilless\Engenharia\Projeto A1\Hardware\Arduino CE v1.0\Atmel Studio\arduino_ec\arduino_ec\ArduinoCore\Debug\libArduinoCore.a(Print.o)
 .debug_loc     0x0000516e      0x269 D:\Google Drive\Soilless\Engenharia\Projeto A1\Hardware\Arduino CE v1.0\Atmel Studio\arduino_ec\arduino_ec\ArduinoCore\Debug\libArduinoCore.a(wiring.o)
 .debug_loc     0x000053d7       0xfe D:\Google Drive\Soilless\Engenharia\Projeto A1\Hardware\Arduino CE v1.0\Atmel Studio\arduino_ec\arduino_ec\ArduinoCore\Debug\libArduinoCore.a(wiring_analog.o)
 .debug_loc     0x000054d5      0x5e3 D:\Google Drive\Soilless\Engenharia\Projeto A1\Hardware\Arduino CE v1.0\Atmel Studio\arduino_ec\arduino_ec\ArduinoCore\Debug\libArduinoCore.a(wiring_digital.o)

.debug_macinfo
 *(.debug_macinfo)

.debug_weaknames
 *(.debug_weaknames)

.debug_funcnames
 *(.debug_funcnames)

.debug_typenames
 *(.debug_typenames)

.debug_varnames
 *(.debug_varnames)

.debug_pubtypes
 *(.debug_pubtypes)

.debug_ranges   0x00000000      0x510
 *(.debug_ranges)
 .debug_ranges  0x00000000      0x180 LiquidCrystal.o
 .debug_ranges  0x00000180       0x50 main.o
 .debug_ranges  0x000001d0       0xc8 OneWire.o
 .debug_ranges  0x00000298       0x70 D:\Google Drive\Soilless\Engenharia\Projeto A1\Hardware\Arduino CE v1.0\Atmel Studio\arduino_ec\arduino_ec\ArduinoCore\Debug\libArduinoCore.a(HardwareSerial.o)
 .debug_ranges  0x00000308       0x28 D:\Google Drive\Soilless\Engenharia\Projeto A1\Hardware\Arduino CE v1.0\Atmel Studio\arduino_ec\arduino_ec\ArduinoCore\Debug\libArduinoCore.a(HardwareSerial0.o)
 .debug_ranges  0x00000330       0x28 D:\Google Drive\Soilless\Engenharia\Projeto A1\Hardware\Arduino CE v1.0\Atmel Studio\arduino_ec\arduino_ec\ArduinoCore\Debug\libArduinoCore.a(main.o)
 .debug_ranges  0x00000358      0x128 D:\Google Drive\Soilless\Engenharia\Projeto A1\Hardware\Arduino CE v1.0\Atmel Studio\arduino_ec\arduino_ec\ArduinoCore\Debug\libArduinoCore.a(Print.o)
 .debug_ranges  0x00000480       0x38 D:\Google Drive\Soilless\Engenharia\Projeto A1\Hardware\Arduino CE v1.0\Atmel Studio\arduino_ec\arduino_ec\ArduinoCore\Debug\libArduinoCore.a(wiring.o)
 .debug_ranges  0x000004b8       0x20 D:\Google Drive\Soilless\Engenharia\Projeto A1\Hardware\Arduino CE v1.0\Atmel Studio\arduino_ec\arduino_ec\ArduinoCore\Debug\libArduinoCore.a(wiring_analog.o)
 .debug_ranges  0x000004d8       0x28 D:\Google Drive\Soilless\Engenharia\Projeto A1\Hardware\Arduino CE v1.0\Atmel Studio\arduino_ec\arduino_ec\ArduinoCore\Debug\libArduinoCore.a(wiring_digital.o)
 .debug_ranges  0x00000500       0x10 D:\Google Drive\Soilless\Engenharia\Projeto A1\Hardware\Arduino CE v1.0\Atmel Studio\arduino_ec\arduino_ec\ArduinoCore\Debug\libArduinoCore.a(hooks.o)

.debug_macro
 *(.debug_macro)
OUTPUT(arduino_ec.elf elf32-avr)
LOAD linker stubs
